Error: Some types in file 'safe_ignore_old.atd' were not declared with '--types' or '--ignore'. You should identify types that are entry points and add them to '--types' if you want to check them or to '--ignore' otherwise.
The following types are not being checked: deleted_type
At least the following types need to be added to '--types' or '--ignore': deleted_type
