Backward incompatibility:
File "recursive_new.atd", line 9, characters 52-53:
Case 'B' is new.
The following types are affected:
  changed_recursive
  depends_on_changed_recursive

